// Vitest Snapshot v1

exports[`@import css with @apply > should render vue > @apply 1`] = `
"// Imports
import ___CSS_LOADER_API_IMPORT___ from \\"../../../../node_modules/.pnpm/css-loader@5.2.7_webpack@4.46.0/node_modules/css-loader/dist/runtime/api.js\\";
var ___CSS_LOADER_EXPORT___ = ___CSS_LOADER_API_IMPORT___(function(i){return i[1]});
// Module
___CSS_LOADER_EXPORT___.push([module.id, \\"h1 {\\\\n  font-size: 2.25rem;\\\\n  line-height: 2.5rem;\\\\n}\\\\nh2 {\\\\n  font-size: 1.875rem;\\\\n  line-height: 2.25rem;\\\\n}\\\\nh3 {\\\\n  font-size: 1.5rem;\\\\n  line-height: 2rem;\\\\n}\\\\nh4 {\\\\n  background-color: #3b82f6;\\\\n}\\", \\"\\"]);
// Exports
export default ___CSS_LOADER_EXPORT___;
"
`;
